[
  {
    "ReadJsonTestId": 1,
    "BitColumn": true,
    "IntColumn": 2147483647,
    "BigIntColumn": 9223372036854775807,
    "DecimalColumn": 0.99,
    "FloatColumn": 1.234,
    "DateColumn": "2008-04-01",
    "DateTimeOffsetColumn": "2023-11-09T08:25:01+00:00",
    "CharColumn": "x",
    "VarCharColumn": "xyz",
    "NCharColumn": "p",
    "NVarCharColumn": "pqr",
    "BinaryColumn": "AQIDBAUGBwg=",
    "UniqueIdentifierColumn": "82dbee37-3af8-46f2-a403-ae0a1950bc6e"
  },
  {
    "ReadJsonTestId": 2
  }
]