[
  {
    "I": 1,
    "S": "een"
  },
  {
    "S": "twee"
  },
  {
    "I": 2
  },
  {}
][
  {
    "I": 1,
    "S": "een"
  },
  {
    "I": null,
    "S": "twee"
  },
  {
    "I": 2,
    "S": null
  },
  {
    "I": null,
    "S": null
  }
]