_html.Content(
    _head.Content(
        _title.Content(
            "Hello world!"
        )
    ),
    _body.Content(
        _p._title("Hello world: a < b & \"b\" > 'c'; ")
            .Content(
                "no content"
        )
    )
)