_html.Content(
    _head.Content(
        _title.Content(
            "Hello world!"
        )
    )
    + _body.Attribute("class","aClass")
        .Content(
            _p.Content(
                "Hello world!"
            )
    )
)