_html.Content(
    _head.Content(
        _title.Content(
            "Hello world!"
        )
        + _meta._hidden("hmm")
        + _link._rel("bla")
        + _base._href("nowhere")
    )
    + _body.Content(
        _area
        + "\n"
        + _br
        + "\n"
        + _col
        + "\n"
        + _embed
        + "\n"
        + _hr
        + "\n"
        + _img
        + "\n"
        + _input
        + "\n"
        + _source
        + "\n"
        + _track
        + "\n"
        + _wbr
    )
)