_html.Content(
    _head.Content(
        _title.Content(
            "Hello world!"
        )
    )
    + _body.Content(
        _p.Content(
            "Hello world: a < b & \"b\" > 'c'; "
        )
    )
)