<!DOCTYPE html><html><head><script type="mytype">Hello world: a < b & "b" > 'c'; </style> </script><style id="myId">Hello world: a < b & "b" > 'c'; </script> </style></head><body><p>Hello world!</p></body></html>