<!DOCTYPE html><html><head><title>Hello world!</title></head><body class="aClass bClass"><p>Hello world!</p></body></html>