<!DOCTYPE html><html><head><title>Hello world!</title></head><body class="aClass"><p>Hello world!</p></body></html>