The method or operation is not implemented.
   at Progress.Test.Tools.ExampleTestClass.NestedClass.SomeMethod() in c:\hg\progress\test\Tools\ExceptionPrettifierTest.cs:line 35
   at Progress.Test.Tools.ExampleTestClass.IndirectErrorViaInterface<T>(T param, string arg2) in c:\hg\progress\test\Tools\ExceptionPrettifierTest.cs:line 23
   at Progress.Test.Tools.ExceptionPrettifierTest.ExplicitInterfaceImplementationInNestedClass() in c:\hg\progress\test\Tools\ExceptionPrettifierTest.cs:line 62
