_html.Content(
    _head.Content(
        _title.Content(
            "Hello world: a < b & \"b\" > 'c'; "
        )
    ),
    _body.Content(
        _textarea.Content(
            "Hello world: a < b & \"b\" > 'c'; "
        )
    )
)