<!DOCTYPE html><html><head><title>Hello world!</title><meta hidden="hmm"><link rel="bla"><base href="nowhere"></head><body><area><br><col><embed><hr><img><input><keygen><menuitem><param><source><track><wbr></body></html>