_html.Content(
    _head.Content(
        _title.Content(
            "Hello world!"
        )
    ),
    _body._class("aClass")
        .Content(
            _p.Content(
                "Hello world!"
            )
    )
)