<!DOCTYPE html><html><head><title>Hello world!</title></head><body><p>Hello world: a &lt; b &amp; "b" &gt; 'c'; </p></body></html>